Archive member included because of file (symbol)

c:/winavr-20100110/bin/../lib/gcc/avr/4.3.3/avr5\libgcc.a(_exit.o)
                              c:/winavr-20100110/bin/../lib/gcc/avr/4.3.3/../../../../avr/lib/avr5/crtm32.o (exit)
c:/winavr-20100110/bin/../lib/gcc/avr/4.3.3/avr5\libgcc.a(_copy_data.o)
                              ./SERVICE/RTOS/tasks.o (__do_copy_data)
c:/winavr-20100110/bin/../lib/gcc/avr/4.3.3/avr5\libgcc.a(_clear_bss.o)
                              ./SERVICE/RTOS/heap_1.o (__do_clear_bss)
c:/winavr-20100110/bin/../lib/gcc/avr/4.3.3/../../../../avr/lib/avr5\libc.a(memcpy.o)
                              ./SERVICE/RTOS/queue.o (memcpy)
c:/winavr-20100110/bin/../lib/gcc/avr/4.3.3/../../../../avr/lib/avr5\libc.a(memset.o)
                              ./SERVICE/RTOS/stream_buffer.o (memset)

Allocating common symbols
Common symbol       size              file

xMessageBuffer      0x2               ./APP/main.o
gu8_Error_State     0x1               ./APP/main.o
gu8_buff            0x1               ./APP/main.o

Memory Configuration

Name             Origin             Length             Attributes
text             0x00000000         0x00020000         xr
data             0x00800060         0x0000ffa0         rw !x
eeprom           0x00810000         0x00010000         rw !x
fuse             0x00820000         0x00000400         rw !x
lock             0x00830000         0x00000400         rw !x
signature        0x00840000         0x00000400         rw !x
*default*        0x00000000         0xffffffff

Linker script and memory map

LOAD c:/winavr-20100110/bin/../lib/gcc/avr/4.3.3/../../../../avr/lib/avr5/crtm32.o
LOAD ./SERVICE/RTOS/croutine.o
LOAD ./SERVICE/RTOS/event_groups.o
LOAD ./SERVICE/RTOS/heap_1.o
LOAD ./SERVICE/RTOS/list.o
LOAD ./SERVICE/RTOS/port.o
LOAD ./SERVICE/RTOS/queue.o
LOAD ./SERVICE/RTOS/stream_buffer.o
LOAD ./SERVICE/RTOS/tasks.o
LOAD ./SERVICE/RTOS/timers.o
LOAD ./MCAL/Sleep/sleep.o
LOAD ./MCAL/DIO/DIO.o
LOAD ./ECUAL/pushButton/pushButton.o
LOAD ./APP/main.o
LOAD c:/winavr-20100110/bin/../lib/gcc/avr/4.3.3/avr5\libgcc.a
LOAD c:/winavr-20100110/bin/../lib/gcc/avr/4.3.3/../../../../avr/lib/avr5\libc.a
LOAD c:/winavr-20100110/bin/../lib/gcc/avr/4.3.3/avr5\libgcc.a

.hash
 *(.hash)

.dynsym
 *(.dynsym)

.dynstr
 *(.dynstr)

.gnu.version
 *(.gnu.version)

.gnu.version_d
 *(.gnu.version_d)

.gnu.version_r
 *(.gnu.version_r)

.rel.init
 *(.rel.init)

.rela.init
 *(.rela.init)

.rel.text
 *(.rel.text)
 *(.rel.text.*)
 *(.rel.gnu.linkonce.t*)

.rela.text
 *(.rela.text)
 *(.rela.text.*)
 *(.rela.gnu.linkonce.t*)

.rel.fini
 *(.rel.fini)

.rela.fini
 *(.rela.fini)

.rel.rodata
 *(.rel.rodata)
 *(.rel.rodata.*)
 *(.rel.gnu.linkonce.r*)

.rela.rodata
 *(.rela.rodata)
 *(.rela.rodata.*)
 *(.rela.gnu.linkonce.r*)

.rel.data
 *(.rel.data)
 *(.rel.data.*)
 *(.rel.gnu.linkonce.d*)

.rela.data
 *(.rela.data)
 *(.rela.data.*)
 *(.rela.gnu.linkonce.d*)

.rel.ctors
 *(.rel.ctors)

.rela.ctors
 *(.rela.ctors)

.rel.dtors
 *(.rel.dtors)

.rela.dtors
 *(.rela.dtors)

.rel.got
 *(.rel.got)

.rela.got
 *(.rela.got)

.rel.bss
 *(.rel.bss)

.rela.bss
 *(.rela.bss)

.rel.plt
 *(.rel.plt)

.rela.plt
 *(.rela.plt)

.text           0x00000000     0x5096
 *(.vectors)
 .vectors       0x00000000       0x54 c:/winavr-20100110/bin/../lib/gcc/avr/4.3.3/../../../../avr/lib/avr5/crtm32.o
                0x00000000                __vectors
                0x00000000                __vector_default
 *(.vectors)
 *(.progmem.gcc*)
 *(.progmem*)
                0x00000054                . = ALIGN (0x2)
                0x00000054                __trampolines_start = .
 *(.trampolines)
 .trampolines   0x00000054        0x0 linker stubs
 *(.trampolines*)
                0x00000054                __trampolines_end = .
 *(.jumptables)
 *(.jumptables*)
 *(.lowtext)
 *(.lowtext*)
                0x00000054                __ctors_start = .
 *(.ctors)
                0x00000054                __ctors_end = .
                0x00000054                __dtors_start = .
 *(.dtors)
                0x00000054                __dtors_end = .
 SORT(*)(.ctors)
 SORT(*)(.dtors)
 *(.init0)
 .init0         0x00000054        0x0 c:/winavr-20100110/bin/../lib/gcc/avr/4.3.3/../../../../avr/lib/avr5/crtm32.o
                0x00000054                __init
 *(.init0)
 *(.init1)
 *(.init1)
 *(.init2)
 .init2         0x00000054        0xc c:/winavr-20100110/bin/../lib/gcc/avr/4.3.3/../../../../avr/lib/avr5/crtm32.o
 *(.init2)
 *(.init3)
 *(.init3)
 *(.init4)
 .init4         0x00000060       0x16 c:/winavr-20100110/bin/../lib/gcc/avr/4.3.3/avr5\libgcc.a(_copy_data.o)
                0x00000060                __do_copy_data
 .init4         0x00000076       0x10 c:/winavr-20100110/bin/../lib/gcc/avr/4.3.3/avr5\libgcc.a(_clear_bss.o)
                0x00000076                __do_clear_bss
 *(.init4)
 *(.init5)
 *(.init5)
 *(.init6)
 *(.init6)
 *(.init7)
 *(.init7)
 *(.init8)
 *(.init8)
 *(.init9)
 .init9         0x00000086        0x8 c:/winavr-20100110/bin/../lib/gcc/avr/4.3.3/../../../../avr/lib/avr5/crtm32.o
 *(.init9)
 *(.text)
 .text          0x0000008e        0x4 c:/winavr-20100110/bin/../lib/gcc/avr/4.3.3/../../../../avr/lib/avr5/crtm32.o
                0x0000008e                __vector_1
                0x0000008e                __vector_12
                0x0000008e                __bad_interrupt
                0x0000008e                __vector_6
                0x0000008e                __vector_3
                0x0000008e                __vector_11
                0x0000008e                __vector_13
                0x0000008e                __vector_17
                0x0000008e                __vector_19
                0x0000008e                __vector_5
                0x0000008e                __vector_4
                0x0000008e                __vector_9
                0x0000008e                __vector_2
                0x0000008e                __vector_15
                0x0000008e                __vector_8
                0x0000008e                __vector_14
                0x0000008e                __vector_10
                0x0000008e                __vector_16
                0x0000008e                __vector_18
                0x0000008e                __vector_20
 .text          0x00000092        0x0 ./SERVICE/RTOS/croutine.o
 .text          0x00000092        0x0 ./SERVICE/RTOS/event_groups.o
 .text          0x00000092        0x0 ./SERVICE/RTOS/heap_1.o
 .text          0x00000092        0x0 ./SERVICE/RTOS/list.o
 .text          0x00000092        0x0 ./SERVICE/RTOS/port.o
 .text          0x00000092        0x0 ./SERVICE/RTOS/queue.o
 .text          0x00000092        0x0 ./SERVICE/RTOS/stream_buffer.o
 .text          0x00000092        0x0 ./SERVICE/RTOS/tasks.o
 .text          0x00000092        0x0 ./SERVICE/RTOS/timers.o
 .text          0x00000092        0x0 ./MCAL/Sleep/sleep.o
 .text          0x00000092        0x0 ./MCAL/DIO/DIO.o
 .text          0x00000092        0x0 ./ECUAL/pushButton/pushButton.o
 .text          0x00000092        0x0 ./APP/main.o
 .text          0x00000092        0x0 c:/winavr-20100110/bin/../lib/gcc/avr/4.3.3/avr5\libgcc.a(_exit.o)
 .text          0x00000092        0x0 c:/winavr-20100110/bin/../lib/gcc/avr/4.3.3/avr5\libgcc.a(_copy_data.o)
 .text          0x00000092        0x0 c:/winavr-20100110/bin/../lib/gcc/avr/4.3.3/avr5\libgcc.a(_clear_bss.o)
 .text          0x00000092        0x0 c:/winavr-20100110/bin/../lib/gcc/avr/4.3.3/../../../../avr/lib/avr5\libc.a(memcpy.o)
 .text          0x00000092        0x0 c:/winavr-20100110/bin/../lib/gcc/avr/4.3.3/../../../../avr/lib/avr5\libc.a(memset.o)
                0x00000092                . = ALIGN (0x2)
 *(.text.*)
 .text.xEventGroupCreate
                0x00000092       0x3e ./SERVICE/RTOS/event_groups.o
                0x00000092                xEventGroupCreate
 .text.xEventGroupSync
                0x000000d0      0x172 ./SERVICE/RTOS/event_groups.o
                0x000000d0                xEventGroupSync
 .text.xEventGroupWaitBits
                0x00000242      0x18c ./SERVICE/RTOS/event_groups.o
                0x00000242                xEventGroupWaitBits
 .text.xEventGroupClearBits
                0x000003ce       0x6c ./SERVICE/RTOS/event_groups.o
                0x000003ce                xEventGroupClearBits
 .text.xEventGroupGetBitsFromISR
                0x0000043a       0x44 ./SERVICE/RTOS/event_groups.o
                0x0000043a                xEventGroupGetBitsFromISR
 .text.xEventGroupSetBits
                0x0000047e      0x164 ./SERVICE/RTOS/event_groups.o
                0x0000047e                xEventGroupSetBits
 .text.vEventGroupDelete
                0x000005e2       0x62 ./SERVICE/RTOS/event_groups.o
                0x000005e2                vEventGroupDelete
 .text.vEventGroupSetBitsCallback
                0x00000644       0x3a ./SERVICE/RTOS/event_groups.o
                0x00000644                vEventGroupSetBitsCallback
 .text.vEventGroupClearBitsCallback
                0x0000067e       0x3a ./SERVICE/RTOS/event_groups.o
                0x0000067e                vEventGroupClearBitsCallback
 .text.prvTestWaitCondition
                0x000006b8       0x64 ./SERVICE/RTOS/event_groups.o
 .text.pvPortMalloc
                0x0000071c       0xac ./SERVICE/RTOS/heap_1.o
                0x0000071c                pvPortMalloc
 .text.vPortFree
                0x000007c8       0x18 ./SERVICE/RTOS/heap_1.o
                0x000007c8                vPortFree
 .text.vPortInitialiseBlocks
                0x000007e0       0x16 ./SERVICE/RTOS/heap_1.o
                0x000007e0                vPortInitialiseBlocks
 .text.xPortGetFreeHeapSize
                0x000007f6       0x1e ./SERVICE/RTOS/heap_1.o
                0x000007f6                xPortGetFreeHeapSize
 .text.vListInitialise
                0x00000814       0x54 ./SERVICE/RTOS/list.o
                0x00000814                vListInitialise
 .text.vListInitialiseItem
                0x00000868       0x20 ./SERVICE/RTOS/list.o
                0x00000868                vListInitialiseItem
 .text.vListInsertEnd
                0x00000888       0x88 ./SERVICE/RTOS/list.o
                0x00000888                vListInsertEnd
 .text.vListInsert
                0x00000910       0xd8 ./SERVICE/RTOS/list.o
                0x00000910                vListInsert
 .text.uxListRemove
                0x000009e8       0x98 ./SERVICE/RTOS/list.o
                0x000009e8                uxListRemove
 .text.pxPortInitialiseStack
                0x00000a80      0x306 ./SERVICE/RTOS/port.o
                0x00000a80                pxPortInitialiseStack
 .text.xPortStartScheduler
                0x00000d86       0x6a ./SERVICE/RTOS/port.o
                0x00000d86                xPortStartScheduler
 .text.vPortEndScheduler
                0x00000df0        0xe ./SERVICE/RTOS/port.o
                0x00000df0                vPortEndScheduler
 .text.vPortYield
                0x00000dfe       0xb2 ./SERVICE/RTOS/port.o
                0x00000dfe                vPortYield
 .text.vPortYieldFromTick
                0x00000eb0       0xba ./SERVICE/RTOS/port.o
                0x00000eb0                vPortYieldFromTick
 .text.prvSetupTimerInterrupt
                0x00000f6a       0xb8 ./SERVICE/RTOS/port.o
 .text.__vector_7
                0x00001022       0x54 ./SERVICE/RTOS/port.o
                0x00001022                __vector_7
 .text.xQueueGenericReset
                0x00001076      0x104 ./SERVICE/RTOS/queue.o
                0x00001076                xQueueGenericReset
 .text.xQueueGenericCreate
                0x0000117a       0xa2 ./SERVICE/RTOS/queue.o
                0x0000117a                xQueueGenericCreate
 .text.prvInitialiseNewQueue
                0x0000121c       0x76 ./SERVICE/RTOS/queue.o
 .text.xQueueGenericSend
                0x00001292      0x144 ./SERVICE/RTOS/queue.o
                0x00001292                xQueueGenericSend
 .text.xQueueGenericSendFromISR
                0x000013d6       0xb0 ./SERVICE/RTOS/queue.o
                0x000013d6                xQueueGenericSendFromISR
 .text.xQueueGiveFromISR
                0x00001486       0xa2 ./SERVICE/RTOS/queue.o
                0x00001486                xQueueGiveFromISR
 .text.xQueueReceive
                0x00001528      0x14e ./SERVICE/RTOS/queue.o
                0x00001528                xQueueReceive
 .text.xQueueSemaphoreTake
                0x00001676      0x13c ./SERVICE/RTOS/queue.o
                0x00001676                xQueueSemaphoreTake
 .text.xQueuePeek
                0x000017b2      0x15c ./SERVICE/RTOS/queue.o
                0x000017b2                xQueuePeek
 .text.xQueueReceiveFromISR
                0x0000190e       0xae ./SERVICE/RTOS/queue.o
                0x0000190e                xQueueReceiveFromISR
 .text.xQueuePeekFromISR
                0x000019bc       0x72 ./SERVICE/RTOS/queue.o
                0x000019bc                xQueuePeekFromISR
 .text.uxQueueMessagesWaiting
                0x00001a2e       0x30 ./SERVICE/RTOS/queue.o
                0x00001a2e                uxQueueMessagesWaiting
 .text.uxQueueSpacesAvailable
                0x00001a5e       0x4a ./SERVICE/RTOS/queue.o
                0x00001a5e                uxQueueSpacesAvailable
 .text.uxQueueMessagesWaitingFromISR
                0x00001aa8       0x34 ./SERVICE/RTOS/queue.o
                0x00001aa8                uxQueueMessagesWaitingFromISR
 .text.vQueueDelete
                0x00001adc       0x2e ./SERVICE/RTOS/queue.o
                0x00001adc                vQueueDelete
 .text.prvCopyDataToQueue
                0x00001b0a      0x14c ./SERVICE/RTOS/queue.o
 .text.prvCopyDataFromQueue
                0x00001c56       0x8e ./SERVICE/RTOS/queue.o
 .text.prvUnlockQueue
                0x00001ce4       0xa6 ./SERVICE/RTOS/queue.o
 .text.prvIsQueueEmpty
                0x00001d8a       0x3a ./SERVICE/RTOS/queue.o
 .text.xQueueIsQueueEmptyFromISR
                0x00001dc4       0x3e ./SERVICE/RTOS/queue.o
                0x00001dc4                xQueueIsQueueEmptyFromISR
 .text.prvIsQueueFull
                0x00001e02       0x40 ./SERVICE/RTOS/queue.o
 .text.xQueueIsQueueFullFromISR
                0x00001e42       0x44 ./SERVICE/RTOS/queue.o
                0x00001e42                xQueueIsQueueFullFromISR
 .text.xStreamBufferGenericCreate
                0x00001e86       0x98 ./SERVICE/RTOS/stream_buffer.o
                0x00001e86                xStreamBufferGenericCreate
 .text.vStreamBufferDelete
                0x00001f1e       0x52 ./SERVICE/RTOS/stream_buffer.o
                0x00001f1e                vStreamBufferDelete
 .text.xStreamBufferReset
                0x00001f70       0x84 ./SERVICE/RTOS/stream_buffer.o
                0x00001f70                xStreamBufferReset
 .text.xStreamBufferSetTriggerLevel
                0x00001ff4       0x6e ./SERVICE/RTOS/stream_buffer.o
                0x00001ff4                xStreamBufferSetTriggerLevel
 .text.xStreamBufferSpacesAvailable
                0x00002062       0x8c ./SERVICE/RTOS/stream_buffer.o
                0x00002062                xStreamBufferSpacesAvailable
 .text.xStreamBufferBytesAvailable
                0x000020ee       0x3c ./SERVICE/RTOS/stream_buffer.o
                0x000020ee                xStreamBufferBytesAvailable
 .text.xStreamBufferSend
                0x0000212a      0x190 ./SERVICE/RTOS/stream_buffer.o
                0x0000212a                xStreamBufferSend
 .text.xStreamBufferSendFromISR
                0x000022ba       0xfa ./SERVICE/RTOS/stream_buffer.o
                0x000022ba                xStreamBufferSendFromISR
 .text.prvWriteMessageToBuffer
                0x000023b4       0xe4 ./SERVICE/RTOS/stream_buffer.o
 .text.xStreamBufferReceive
                0x00002498      0x174 ./SERVICE/RTOS/stream_buffer.o
                0x00002498                xStreamBufferReceive
 .text.xStreamBufferNextMessageLengthBytes
                0x0000260c       0xa4 ./SERVICE/RTOS/stream_buffer.o
                0x0000260c                xStreamBufferNextMessageLengthBytes
 .text.xStreamBufferReceiveFromISR
                0x000026b0       0xf0 ./SERVICE/RTOS/stream_buffer.o
                0x000026b0                xStreamBufferReceiveFromISR
 .text.prvReadMessageFromBuffer
                0x000027a0       0xd8 ./SERVICE/RTOS/stream_buffer.o
 .text.xStreamBufferIsEmpty
                0x00002878       0x5a ./SERVICE/RTOS/stream_buffer.o
                0x00002878                xStreamBufferIsEmpty
 .text.xStreamBufferIsFull
                0x000028d2       0x70 ./SERVICE/RTOS/stream_buffer.o
                0x000028d2                xStreamBufferIsFull
 .text.xStreamBufferSendCompletedFromISR
                0x00002942       0x86 ./SERVICE/RTOS/stream_buffer.o
                0x00002942                xStreamBufferSendCompletedFromISR
 .text.xStreamBufferReceiveCompletedFromISR
                0x000029c8       0x86 ./SERVICE/RTOS/stream_buffer.o
                0x000029c8                xStreamBufferReceiveCompletedFromISR
 .text.prvWriteBytesToBuffer
                0x00002a4e      0x11a ./SERVICE/RTOS/stream_buffer.o
 .text.prvReadBytesFromBuffer
                0x00002b68      0x15a ./SERVICE/RTOS/stream_buffer.o
 .text.prvBytesInBuffer
                0x00002cc2       0x74 ./SERVICE/RTOS/stream_buffer.o
 .text.prvInitialiseNewStreamBuffer
                0x00002d36       0x78 ./SERVICE/RTOS/stream_buffer.o
 .text.xTaskCreate
                0x00002dae       0xf0 ./SERVICE/RTOS/tasks.o
                0x00002dae                xTaskCreate
 .text.prvInitialiseNewTask
                0x00002e9e      0x178 ./SERVICE/RTOS/tasks.o
 .text.prvAddNewTaskToReadyList
                0x00003016       0xe6 ./SERVICE/RTOS/tasks.o
 .text.vTaskDelayUntil
                0x000030fc       0xe4 ./SERVICE/RTOS/tasks.o
                0x000030fc                vTaskDelayUntil
 .text.vTaskDelay
                0x000031e0       0x44 ./SERVICE/RTOS/tasks.o
                0x000031e0                vTaskDelay
 .text.vTaskSuspend
                0x00003224       0xe8 ./SERVICE/RTOS/tasks.o
                0x00003224                vTaskSuspend
 .text.prvTaskIsTaskSuspended
                0x0000330c       0x5e ./SERVICE/RTOS/tasks.o
 .text.vTaskResume
                0x0000336a       0xbe ./SERVICE/RTOS/tasks.o
                0x0000336a                vTaskResume
 .text.xTaskResumeFromISR
                0x00003428       0xcc ./SERVICE/RTOS/tasks.o
                0x00003428                xTaskResumeFromISR
 .text.vTaskStartScheduler
                0x000034f4       0x64 ./SERVICE/RTOS/tasks.o
                0x000034f4                vTaskStartScheduler
 .text.vTaskEndScheduler
                0x00003558       0x18 ./SERVICE/RTOS/tasks.o
                0x00003558                vTaskEndScheduler
 .text.vTaskSuspendAll
                0x00003570       0x18 ./SERVICE/RTOS/tasks.o
                0x00003570                vTaskSuspendAll
 .text.xTaskResumeAll
                0x00003588      0x11e ./SERVICE/RTOS/tasks.o
                0x00003588                xTaskResumeAll
 .text.xTaskGetTickCount
                0x000036a6       0x2e ./SERVICE/RTOS/tasks.o
                0x000036a6                xTaskGetTickCount
 .text.xTaskGetTickCountFromISR
                0x000036d4       0x2a ./SERVICE/RTOS/tasks.o
                0x000036d4                xTaskGetTickCountFromISR
 .text.uxTaskGetNumberOfTasks
                0x000036fe       0x12 ./SERVICE/RTOS/tasks.o
                0x000036fe                uxTaskGetNumberOfTasks
 .text.pcTaskGetName
                0x00003710       0x50 ./SERVICE/RTOS/tasks.o
                0x00003710                pcTaskGetName
 .text.xTaskIncrementTick
                0x00003760      0x172 ./SERVICE/RTOS/tasks.o
                0x00003760                xTaskIncrementTick
 .text.vTaskSwitchContext
                0x000038d2       0xda ./SERVICE/RTOS/tasks.o
                0x000038d2                vTaskSwitchContext
 .text.vTaskPlaceOnEventList
                0x000039ac       0x44 ./SERVICE/RTOS/tasks.o
                0x000039ac                vTaskPlaceOnEventList
 .text.vTaskPlaceOnUnorderedEventList
                0x000039f0       0x60 ./SERVICE/RTOS/tasks.o
                0x000039f0                vTaskPlaceOnUnorderedEventList
 .text.xTaskRemoveFromEventList
                0x00003a50       0xd6 ./SERVICE/RTOS/tasks.o
                0x00003a50                xTaskRemoveFromEventList
 .text.vTaskRemoveFromUnorderedEventList
                0x00003b26       0xba ./SERVICE/RTOS/tasks.o
                0x00003b26                vTaskRemoveFromUnorderedEventList
 .text.vTaskSetTimeOutState
                0x00003be0       0x3c ./SERVICE/RTOS/tasks.o
                0x00003be0                vTaskSetTimeOutState
 .text.vTaskInternalSetTimeOutState
                0x00003c1c       0x32 ./SERVICE/RTOS/tasks.o
                0x00003c1c                vTaskInternalSetTimeOutState
 .text.xTaskCheckForTimeOut
                0x00003c4e       0xda ./SERVICE/RTOS/tasks.o
                0x00003c4e                xTaskCheckForTimeOut
 .text.vTaskMissedYield
                0x00003d28       0x14 ./SERVICE/RTOS/tasks.o
                0x00003d28                vTaskMissedYield
 .text.prvIdleTask
                0x00003d3c       0x18 ./SERVICE/RTOS/tasks.o
 .text.prvInitialiseTaskLists
                0x00003d54       0x7a ./SERVICE/RTOS/tasks.o
 .text.prvCheckTasksWaitingTermination
                0x00003dce        0xe ./SERVICE/RTOS/tasks.o
 .text.prvResetNextTaskUnblockTime
                0x00003ddc       0x56 ./SERVICE/RTOS/tasks.o
 .text.xTaskGetCurrentTaskHandle
                0x00003e32       0x24 ./SERVICE/RTOS/tasks.o
                0x00003e32                xTaskGetCurrentTaskHandle
 .text.uxTaskResetEventItemValue
                0x00003e56       0x4e ./SERVICE/RTOS/tasks.o
                0x00003e56                uxTaskResetEventItemValue
 .text.ulTaskNotifyTake
                0x00003ea4       0xee ./SERVICE/RTOS/tasks.o
                0x00003ea4                ulTaskNotifyTake
 .text.xTaskNotifyWait
                0x00003f92      0x138 ./SERVICE/RTOS/tasks.o
                0x00003f92                xTaskNotifyWait
 .text.xTaskGenericNotify
                0x000040ca      0x1aa ./SERVICE/RTOS/tasks.o
                0x000040ca                xTaskGenericNotify
 .text.xTaskGenericNotifyFromISR
                0x00004274      0x1f0 ./SERVICE/RTOS/tasks.o
                0x00004274                xTaskGenericNotifyFromISR
 .text.vTaskNotifyGiveFromISR
                0x00004464      0x10c ./SERVICE/RTOS/tasks.o
                0x00004464                vTaskNotifyGiveFromISR
 .text.xTaskNotifyStateClear
                0x00004570       0x74 ./SERVICE/RTOS/tasks.o
                0x00004570                xTaskNotifyStateClear
 .text.prvAddCurrentTaskToDelayedList
                0x000045e4       0xf8 ./SERVICE/RTOS/tasks.o
 .text.CPU_Sleep
                0x000046dc      0x160 ./MCAL/Sleep/sleep.o
                0x000046dc                CPU_Sleep
 .text.DIO_init
                0x0000483c      0x14a ./MCAL/DIO/DIO.o
                0x0000483c                DIO_init
 .text.DIO_Write
                0x00004986      0x102 ./MCAL/DIO/DIO.o
                0x00004986                DIO_Write
 .text.DIO_Read
                0x00004a88       0xcc ./MCAL/DIO/DIO.o
                0x00004a88                DIO_Read
 .text.DIO_Toggle
                0x00004b54       0xb2 ./MCAL/DIO/DIO.o
                0x00004b54                DIO_Toggle
 .text.pushButton_Init
                0x00004c06       0xf6 ./ECUAL/pushButton/pushButton.o
                0x00004c06                pushButton_Init
 .text.pushButton_Update
                0x00004cfc      0x154 ./ECUAL/pushButton/pushButton.o
                0x00004cfc                pushButton_Update
 .text.pushButton_GetStatus
                0x00004e50       0x64 ./ECUAL/pushButton/pushButton.o
                0x00004e50                pushButton_GetStatus
 .text.vDIO_Init
                0x00004eb4       0x6a ./APP/main.o
                0x00004eb4                vDIO_Init
 .text.vToggleLED1
                0x00004f1e       0x4c ./APP/main.o
                0x00004f1e                vToggleLED1
 .text.vToggleLED2
                0x00004f6a       0x5a ./APP/main.o
                0x00004f6a                vToggleLED2
 .text.main     0x00004fc4       0xae ./APP/main.o
                0x00004fc4                main
 .text.libgcc   0x00005072        0x0 c:/winavr-20100110/bin/../lib/gcc/avr/4.3.3/avr5\libgcc.a(_exit.o)
 .text.libgcc   0x00005072        0x0 c:/winavr-20100110/bin/../lib/gcc/avr/4.3.3/avr5\libgcc.a(_copy_data.o)
 .text.libgcc   0x00005072        0x0 c:/winavr-20100110/bin/../lib/gcc/avr/4.3.3/avr5\libgcc.a(_clear_bss.o)
 .text.avr-libc
                0x00005072       0x12 c:/winavr-20100110/bin/../lib/gcc/avr/4.3.3/../../../../avr/lib/avr5\libc.a(memcpy.o)
                0x00005072                memcpy
 .text.avr-libc
                0x00005084        0xe c:/winavr-20100110/bin/../lib/gcc/avr/4.3.3/../../../../avr/lib/avr5\libc.a(memset.o)
                0x00005084                memset
                0x00005092                . = ALIGN (0x2)
 *(.fini9)
 .fini9         0x00005092        0x0 c:/winavr-20100110/bin/../lib/gcc/avr/4.3.3/avr5\libgcc.a(_exit.o)
                0x00005092                exit
                0x00005092                _exit
 *(.fini9)
 *(.fini8)
 *(.fini8)
 *(.fini7)
 *(.fini7)
 *(.fini6)
 *(.fini6)
 *(.fini5)
 *(.fini5)
 *(.fini4)
 *(.fini4)
 *(.fini3)
 *(.fini3)
 *(.fini2)
 *(.fini2)
 *(.fini1)
 *(.fini1)
 *(.fini0)
 .fini0         0x00005092        0x4 c:/winavr-20100110/bin/../lib/gcc/avr/4.3.3/avr5\libgcc.a(_exit.o)
 *(.fini0)
                0x00005096                _etext = .

.data           0x00800060       0x16 load address 0x00005096
                0x00800060                PROVIDE (__data_start, .)
 *(.data)
 .data          0x00800060        0x0 c:/winavr-20100110/bin/../lib/gcc/avr/4.3.3/../../../../avr/lib/avr5/crtm32.o
 .data          0x00800060        0x0 ./SERVICE/RTOS/croutine.o
 .data          0x00800060        0x0 ./SERVICE/RTOS/event_groups.o
 .data          0x00800060        0x0 ./SERVICE/RTOS/heap_1.o
 .data          0x00800060        0x0 ./SERVICE/RTOS/list.o
 .data          0x00800060        0x0 ./SERVICE/RTOS/port.o
 .data          0x00800060        0x0 ./SERVICE/RTOS/queue.o
 .data          0x00800060        0x0 ./SERVICE/RTOS/stream_buffer.o
 .data          0x00800060        0x5 ./SERVICE/RTOS/tasks.o
 .data          0x00800065        0x0 ./SERVICE/RTOS/timers.o
 .data          0x00800065        0x0 ./MCAL/Sleep/sleep.o
 .data          0x00800065        0x0 ./MCAL/DIO/DIO.o
 .data          0x00800065        0x0 ./ECUAL/pushButton/pushButton.o
 .data          0x00800065        0xe ./APP/main.o
 .data          0x00800073        0x0 c:/winavr-20100110/bin/../lib/gcc/avr/4.3.3/avr5\libgcc.a(_exit.o)
 .data          0x00800073        0x0 c:/winavr-20100110/bin/../lib/gcc/avr/4.3.3/avr5\libgcc.a(_copy_data.o)
 .data          0x00800073        0x0 c:/winavr-20100110/bin/../lib/gcc/avr/4.3.3/avr5\libgcc.a(_clear_bss.o)
 .data          0x00800073        0x0 c:/winavr-20100110/bin/../lib/gcc/avr/4.3.3/../../../../avr/lib/avr5\libc.a(memcpy.o)
 .data          0x00800073        0x0 c:/winavr-20100110/bin/../lib/gcc/avr/4.3.3/../../../../avr/lib/avr5\libc.a(memset.o)
 *(.data*)
 *(.rodata)
 *(.rodata*)
 .rodata.C.0.1621
                0x00800073        0x3 ./APP/main.o
 *(.gnu.linkonce.d*)
                0x00800076                . = ALIGN (0x2)
                0x00800076                _edata = .
                0x00800076                PROVIDE (__data_end, .)

.bss            0x00800076      0x649
                0x00800076                PROVIDE (__bss_start, .)
 *(.bss)
 .bss           0x00800076        0x0 c:/winavr-20100110/bin/../lib/gcc/avr/4.3.3/../../../../avr/lib/avr5/crtm32.o
 .bss           0x00800076        0x0 ./SERVICE/RTOS/croutine.o
 .bss           0x00800076        0x0 ./SERVICE/RTOS/event_groups.o
 .bss           0x00800076        0x0 ./SERVICE/RTOS/heap_1.o
 .bss           0x00800076        0x0 ./SERVICE/RTOS/list.o
 .bss           0x00800076        0x0 ./SERVICE/RTOS/port.o
 .bss           0x00800076        0x0 ./SERVICE/RTOS/queue.o
 .bss           0x00800076        0x0 ./SERVICE/RTOS/stream_buffer.o
 .bss           0x00800076        0x0 ./SERVICE/RTOS/tasks.o
 .bss           0x00800076        0x0 ./SERVICE/RTOS/timers.o
 .bss           0x00800076        0x0 ./MCAL/Sleep/sleep.o
 .bss           0x00800076        0x0 ./MCAL/DIO/DIO.o
 .bss           0x00800076        0x0 ./ECUAL/pushButton/pushButton.o
 .bss           0x00800076        0x0 ./APP/main.o
 .bss           0x00800076        0x0 c:/winavr-20100110/bin/../lib/gcc/avr/4.3.3/avr5\libgcc.a(_exit.o)
 .bss           0x00800076        0x0 c:/winavr-20100110/bin/../lib/gcc/avr/4.3.3/avr5\libgcc.a(_copy_data.o)
 .bss           0x00800076        0x0 c:/winavr-20100110/bin/../lib/gcc/avr/4.3.3/avr5\libgcc.a(_clear_bss.o)
 .bss           0x00800076        0x0 c:/winavr-20100110/bin/../lib/gcc/avr/4.3.3/../../../../avr/lib/avr5\libc.a(memcpy.o)
 .bss           0x00800076        0x0 c:/winavr-20100110/bin/../lib/gcc/avr/4.3.3/../../../../avr/lib/avr5\libc.a(memset.o)
 *(.bss*)
 .bss.xNextFreeByte
                0x00800076        0x2 ./SERVICE/RTOS/heap_1.o
 .bss.pucAlignedHeap.1651
                0x00800078        0x2 ./SERVICE/RTOS/heap_1.o
 .bss.ucHeap    0x0080007a      0x5dc ./SERVICE/RTOS/heap_1.o
 .bss.pxCurrentTCB
                0x00800656        0x2 ./SERVICE/RTOS/tasks.o
                0x00800656                pxCurrentTCB
 .bss.uxCurrentNumberOfTasks
                0x00800658        0x1 ./SERVICE/RTOS/tasks.o
 .bss.xTickCount
                0x00800659        0x2 ./SERVICE/RTOS/tasks.o
 .bss.uxTopReadyPriority
                0x0080065b        0x1 ./SERVICE/RTOS/tasks.o
 .bss.xSchedulerRunning
                0x0080065c        0x1 ./SERVICE/RTOS/tasks.o
 .bss.uxPendedTicks
                0x0080065d        0x1 ./SERVICE/RTOS/tasks.o
 .bss.xYieldPending
                0x0080065e        0x1 ./SERVICE/RTOS/tasks.o
 .bss.xNumOfOverflows
                0x0080065f        0x1 ./SERVICE/RTOS/tasks.o
 .bss.uxTaskNumber
                0x00800660        0x1 ./SERVICE/RTOS/tasks.o
 .bss.xNextTaskUnblockTime
                0x00800661        0x2 ./SERVICE/RTOS/tasks.o
 .bss.xIdleTaskHandle
                0x00800663        0x2 ./SERVICE/RTOS/tasks.o
 .bss.uxSchedulerSuspended
                0x00800665        0x1 ./SERVICE/RTOS/tasks.o
 .bss.pxReadyTasksLists
                0x00800666       0x24 ./SERVICE/RTOS/tasks.o
 .bss.xDelayedTaskList1
                0x0080068a        0x9 ./SERVICE/RTOS/tasks.o
 .bss.xDelayedTaskList2
                0x00800693        0x9 ./SERVICE/RTOS/tasks.o
 .bss.pxDelayedTaskList
                0x0080069c        0x2 ./SERVICE/RTOS/tasks.o
 .bss.pxOverflowDelayedTaskList
                0x0080069e        0x2 ./SERVICE/RTOS/tasks.o
 .bss.xPendingReadyList
                0x008006a0        0x9 ./SERVICE/RTOS/tasks.o
 .bss.xSuspendedTaskList
                0x008006a9        0x9 ./SERVICE/RTOS/tasks.o
 .bss.buttonNo  0x008006b2        0x1 ./ECUAL/pushButton/pushButton.o
 .bss.avrbuttons
                0x008006b3        0x8 ./ECUAL/pushButton/pushButton.o
 *(COMMON)
 COMMON         0x008006bb        0x4 ./APP/main.o
                0x008006bb                xMessageBuffer
                0x008006bd                gu8_Error_State
                0x008006be                gu8_buff
                0x008006bf                PROVIDE (__bss_end, .)
                0x00005096                __data_load_start = LOADADDR (.data)
                0x000050ac                __data_load_end = (__data_load_start + SIZEOF (.data))

.noinit         0x008006bf        0x0
                0x008006bf                PROVIDE (__noinit_start, .)
 *(.noinit*)
                0x008006bf                PROVIDE (__noinit_end, .)
                0x008006bf                _end = .
                0x008006bf                PROVIDE (__heap_start, .)

.eeprom         0x00810000        0x0
 *(.eeprom*)
                0x00810000                __eeprom_end = .

.fuse
 *(.fuse)
 *(.lfuse)
 *(.hfuse)
 *(.efuse)

.lock
 *(.lock*)

.signature
 *(.signature*)

.stab
 *(.stab)

.stabstr
 *(.stabstr)

.stab.excl
 *(.stab.excl)

.stab.exclstr
 *(.stab.exclstr)

.stab.index
 *(.stab.index)

.stab.indexstr
 *(.stab.indexstr)

.comment
 *(.comment)

.debug
 *(.debug)

.line
 *(.line)

.debug_srcinfo
 *(.debug_srcinfo)

.debug_sfnames
 *(.debug_sfnames)

.debug_aranges  0x00000000      0x4d0
 *(.debug_aranges)
 .debug_aranges
                0x00000000       0x68 ./SERVICE/RTOS/event_groups.o
 .debug_aranges
                0x00000068       0x38 ./SERVICE/RTOS/heap_1.o
 .debug_aranges
                0x000000a0       0x40 ./SERVICE/RTOS/list.o
 .debug_aranges
                0x000000e0       0x50 ./SERVICE/RTOS/port.o
 .debug_aranges
                0x00000130       0xc8 ./SERVICE/RTOS/queue.o
 .debug_aranges
                0x000001f8       0xc0 ./SERVICE/RTOS/stream_buffer.o
 .debug_aranges
                0x000002b8      0x158 ./SERVICE/RTOS/tasks.o
 .debug_aranges
                0x00000410       0x20 ./MCAL/Sleep/sleep.o
 .debug_aranges
                0x00000430       0x38 ./MCAL/DIO/DIO.o
 .debug_aranges
                0x00000468       0x30 ./ECUAL/pushButton/pushButton.o
 .debug_aranges
                0x00000498       0x38 ./APP/main.o

.debug_pubnames
                0x00000000      0xa2c
 *(.debug_pubnames)
 .debug_pubnames
                0x00000000       0xf8 ./SERVICE/RTOS/event_groups.o
 .debug_pubnames
                0x000000f8       0x64 ./SERVICE/RTOS/heap_1.o
 .debug_pubnames
                0x0000015c       0x72 ./SERVICE/RTOS/list.o
 .debug_pubnames
                0x000001ce       0x8f ./SERVICE/RTOS/port.o
 .debug_pubnames
                0x0000025d      0x196 ./SERVICE/RTOS/queue.o
 .debug_pubnames
                0x000003f3      0x1d6 ./SERVICE/RTOS/stream_buffer.o
 .debug_pubnames
                0x000005c9      0x328 ./SERVICE/RTOS/tasks.o
 .debug_pubnames
                0x000008f1       0x20 ./MCAL/Sleep/sleep.o
 .debug_pubnames
                0x00000911       0x49 ./MCAL/DIO/DIO.o
 .debug_pubnames
                0x0000095a       0x55 ./ECUAL/pushButton/pushButton.o
 .debug_pubnames
                0x000009af       0x7d ./APP/main.o

.debug_info     0x00000000     0x3d00
 *(.debug_info)
 .debug_info    0x00000000       0x73 ./SERVICE/RTOS/croutine.o
 .debug_info    0x00000073      0x659 ./SERVICE/RTOS/event_groups.o
 .debug_info    0x000006cc      0x164 ./SERVICE/RTOS/heap_1.o
 .debug_info    0x00000830      0x2b8 ./SERVICE/RTOS/list.o
 .debug_info    0x00000ae8      0x1db ./SERVICE/RTOS/port.o
 .debug_info    0x00000cc3      0xc85 ./SERVICE/RTOS/queue.o
 .debug_info    0x00001948      0xb37 ./SERVICE/RTOS/stream_buffer.o
 .debug_info    0x0000247f     0x10b1 ./SERVICE/RTOS/tasks.o
 .debug_info    0x00003530       0x73 ./SERVICE/RTOS/timers.o
 .debug_info    0x000035a3       0xc8 ./MCAL/Sleep/sleep.o
 .debug_info    0x0000366b      0x1fb ./MCAL/DIO/DIO.o
 .debug_info    0x00003866      0x254 ./ECUAL/pushButton/pushButton.o
 .debug_info    0x00003aba      0x246 ./APP/main.o
 *(.gnu.linkonce.wi.*)

.debug_abbrev   0x00000000      0xbf7
 *(.debug_abbrev)
 .debug_abbrev  0x00000000       0x35 ./SERVICE/RTOS/croutine.o
 .debug_abbrev  0x00000035      0x123 ./SERVICE/RTOS/event_groups.o
 .debug_abbrev  0x00000158       0xef ./SERVICE/RTOS/heap_1.o
 .debug_abbrev  0x00000247       0xcc ./SERVICE/RTOS/list.o
 .debug_abbrev  0x00000313       0xeb ./SERVICE/RTOS/port.o
 .debug_abbrev  0x000003fe      0x16b ./SERVICE/RTOS/queue.o
 .debug_abbrev  0x00000569      0x15e ./SERVICE/RTOS/stream_buffer.o
 .debug_abbrev  0x000006c7      0x1b6 ./SERVICE/RTOS/tasks.o
 .debug_abbrev  0x0000087d       0x35 ./SERVICE/RTOS/timers.o
 .debug_abbrev  0x000008b2       0x75 ./MCAL/Sleep/sleep.o
 .debug_abbrev  0x00000927       0xdd ./MCAL/DIO/DIO.o
 .debug_abbrev  0x00000a04      0x101 ./ECUAL/pushButton/pushButton.o
 .debug_abbrev  0x00000b05       0xf2 ./APP/main.o

.debug_line     0x00000000     0x50b8
 *(.debug_line)
 .debug_line    0x00000000      0x252 ./SERVICE/RTOS/croutine.o
 .debug_line    0x00000252      0x758 ./SERVICE/RTOS/event_groups.o
 .debug_line    0x000009aa      0x30e ./SERVICE/RTOS/heap_1.o
 .debug_line    0x00000cb8      0x3bc ./SERVICE/RTOS/list.o
 .debug_line    0x00001074      0x674 ./SERVICE/RTOS/port.o
 .debug_line    0x000016e8      0xde7 ./SERVICE/RTOS/queue.o
 .debug_line    0x000024cf      0xb2e ./SERVICE/RTOS/stream_buffer.o
 .debug_line    0x00002ffd     0x1239 ./SERVICE/RTOS/tasks.o
 .debug_line    0x00004236      0x265 ./SERVICE/RTOS/timers.o
 .debug_line    0x0000449b      0x19e ./MCAL/Sleep/sleep.o
 .debug_line    0x00004639      0x2d4 ./MCAL/DIO/DIO.o
 .debug_line    0x0000490d      0x385 ./ECUAL/pushButton/pushButton.o
 .debug_line    0x00004c92      0x426 ./APP/main.o

.debug_frame    0x00000000      0x840
 *(.debug_frame)
 .debug_frame   0x00000000       0xb0 ./SERVICE/RTOS/event_groups.o
 .debug_frame   0x000000b0       0x50 ./SERVICE/RTOS/heap_1.o
 .debug_frame   0x00000100       0x60 ./SERVICE/RTOS/list.o
 .debug_frame   0x00000160       0x80 ./SERVICE/RTOS/port.o
 .debug_frame   0x000001e0      0x170 ./SERVICE/RTOS/queue.o
 .debug_frame   0x00000350      0x160 ./SERVICE/RTOS/stream_buffer.o
 .debug_frame   0x000004b0      0x290 ./SERVICE/RTOS/tasks.o
 .debug_frame   0x00000740       0x20 ./MCAL/Sleep/sleep.o
 .debug_frame   0x00000760       0x50 ./MCAL/DIO/DIO.o
 .debug_frame   0x000007b0       0x40 ./ECUAL/pushButton/pushButton.o
 .debug_frame   0x000007f0       0x50 ./APP/main.o

.debug_str      0x00000000     0x1908
 *(.debug_str)
 .debug_str     0x00000000       0x95 ./SERVICE/RTOS/croutine.o
                                 0xce (size before relaxing)
 .debug_str     0x00000095      0x342 ./SERVICE/RTOS/event_groups.o
                                0x436 (size before relaxing)
 .debug_str     0x000003d7       0xa3 ./SERVICE/RTOS/heap_1.o
                                0x156 (size before relaxing)
 .debug_str     0x0000047a       0xa4 ./SERVICE/RTOS/list.o
                                0x20d (size before relaxing)
 .debug_str     0x0000051e       0xfd ./SERVICE/RTOS/port.o
                                0x1d5 (size before relaxing)
 .debug_str     0x0000061b      0x413 ./SERVICE/RTOS/queue.o
                                0x5ea (size before relaxing)
 .debug_str     0x00000a2e      0x465 ./SERVICE/RTOS/stream_buffer.o
                                0x61d (size before relaxing)
 .debug_str     0x00000e93      0x78f ./SERVICE/RTOS/tasks.o
                                0xa67 (size before relaxing)
 .debug_str     0x00001622       0x19 ./SERVICE/RTOS/timers.o
                                 0xcc (size before relaxing)
 .debug_str     0x0000163b       0x6c ./MCAL/Sleep/sleep.o
                                0x122 (size before relaxing)
 .debug_str     0x000016a7       0x7c ./MCAL/DIO/DIO.o
                                0x12a (size before relaxing)
 .debug_str     0x00001723      0x109 ./ECUAL/pushButton/pushButton.o
                                0x1d9 (size before relaxing)
 .debug_str     0x0000182c       0xdc ./APP/main.o
                                0x1f0 (size before relaxing)

.debug_loc
 *(.debug_loc)

.debug_macinfo  0x00000000    0x4ad0c
 *(.debug_macinfo)
 .debug_macinfo
                0x00000000     0x6993 ./SERVICE/RTOS/croutine.o
 .debug_macinfo
                0x00006993     0x7057 ./SERVICE/RTOS/event_groups.o
 .debug_macinfo
                0x0000d9ea     0x6635 ./SERVICE/RTOS/heap_1.o
 .debug_macinfo
                0x0001401f     0x5ed8 ./SERVICE/RTOS/list.o
 .debug_macinfo
                0x00019ef7     0x6da7 ./SERVICE/RTOS/port.o
 .debug_macinfo
                0x00020c9e     0x7131 ./SERVICE/RTOS/queue.o
 .debug_macinfo
                0x00027dcf     0x6e64 ./SERVICE/RTOS/stream_buffer.o
 .debug_macinfo
                0x0002ec33     0x7706 ./SERVICE/RTOS/tasks.o
 .debug_macinfo
                0x00036339     0x7522 ./SERVICE/RTOS/timers.o
 .debug_macinfo
                0x0003d85b     0x1885 ./MCAL/Sleep/sleep.o
 .debug_macinfo
                0x0003f0e0     0x1d4d ./MCAL/DIO/DIO.o
 .debug_macinfo
                0x00040e2d     0x2bef ./ECUAL/pushButton/pushButton.o
 .debug_macinfo
                0x00043a1c     0x72f0 ./APP/main.o
OUTPUT(FreeRTOS_Story3.elf elf32-avr)
LOAD linker stubs

.debug_ranges   0x00000000      0x478
 .debug_ranges  0x00000000       0x60 ./SERVICE/RTOS/event_groups.o
 .debug_ranges  0x00000060       0x30 ./SERVICE/RTOS/heap_1.o
 .debug_ranges  0x00000090       0x38 ./SERVICE/RTOS/list.o
 .debug_ranges  0x000000c8       0x48 ./SERVICE/RTOS/port.o
 .debug_ranges  0x00000110       0xc0 ./SERVICE/RTOS/queue.o
 .debug_ranges  0x000001d0       0xb8 ./SERVICE/RTOS/stream_buffer.o
 .debug_ranges  0x00000288      0x150 ./SERVICE/RTOS/tasks.o
 .debug_ranges  0x000003d8       0x18 ./MCAL/Sleep/sleep.o
 .debug_ranges  0x000003f0       0x30 ./MCAL/DIO/DIO.o
 .debug_ranges  0x00000420       0x28 ./ECUAL/pushButton/pushButton.o
 .debug_ranges  0x00000448       0x30 ./APP/main.o
